--- Indexer starting for Network: LOCALHOST, App(s): HOMEBASE ---
Using Firestore emulator at 127.0.0.1:8080
Firebase app 'homebaseApp' initialized.
Node connected successfully to http://127.0.0.1:8545
Homebase Wrapper address: 0x0000000000000000000000000000000000000000

--- Starting Homebase Historical Sync ---
Checkpoint found: 98. Applying safety margin, starting from 0.
Scanning for Homebase events from block 0 to 119...
Found 1 DAOs in Firestore to sync.

Syncing DAO: 0x1291Be112d480055DaFd8a610b7d1e203891C274
  Scanning events from block 0 to 119...
  Found 5 events to process
  Existing in Firestore: 1 proposals, 1 members
Proposal 29961344754750251245288737839614260751088513376028105091412225215275509214124 queued in DAO 0x1291Be112d480055DaFd8a610b7d1e203891C274.
Executing proposal id: 29961344754750251245288737839614260751088513376028105091412225215275509214124 in DAO 0x1291Be112d480055DaFd8a610b7d1e203891C274
Proposal 29961344754750251245288737839614260751088513376028105091412225215275509214124 execution processed for DAO 0x1291Be112d480055DaFd8a610b7d1e203891C274.
  Processed 3 new/updated events for DAO 0x1291Be112d480055DaFd8a610b7d1e203891C274
--- Homebase Historical Sync Complete --- Checkpoint updated to block 119.

--- Initializing with Monitored Event Signatures ---
- NewDaoCreated: 01c5013cf023a364cc49643b8f57347e398d2f0db0968edeb64e7c41bf2dfbde
- DaoWrappedDeploymentInfo: 3919c52de55449371da35f53cb120f717d48cb3d7f6158449a043a14152393e7
- DelegateChanged: 3134e8a2e6d97e929a7e54011ea5485d7d196dd5f0ba4d4ef95803e8e3fc257f
- ProposalCreated: 7d84a6263ae0d98d3329bd7b46bb4e8d6f98cd35a7adb45c274c8b7fd5ebd5e0
- ProposalQueued: 9a2e42fd6722813d69113e7d0079d3d940171428df7373df9c7f7617cfda2892
- ProposalExecuted: 712ae1383f79ac853f8d882153778e0260ef8f03b504e2866e0593e04d2b291f
- VoteCast: b8e138887d0aa13bab447e82de9d5c1777041ecd21ca36ba824ff1e6c07ddda4
----------------------------------------------------
Listening for 7 events on 3 contracts.

=== Redundancy Disabled: Running in STANDALONE mode ===

Initializing indexer from historical sync checkpoint. Starting from block 119.
